---
source: crates/rudolint-rules/tests/rule_fixtures.rs
expression: "serde_json::to_value(&findings).expect(\"findings should serialize\")"
---
[
  {
    "code": "RDL3001",
    "help": null,
    "labels": [],
    "message": "avoid running `ssh` in Docker build containers",
    "path": "",
    "primary_span": {
      "end_byte": 0,
      "end_column": 1,
      "end_line": 2,
      "start_byte": 0,
      "start_column": 1,
      "start_line": 2
    },
    "severity": "info"
  },
  {
    "code": "RDL3001",
    "help": null,
    "labels": [],
    "message": "avoid running `vim` in Docker build containers",
    "path": "",
    "primary_span": {
      "end_byte": 0,
      "end_column": 1,
      "end_line": 4,
      "start_byte": 0,
      "start_column": 1,
      "start_line": 4
    },
    "severity": "info"
  },
  {
    "code": "RDL3001",
    "help": null,
    "labels": [],
    "message": "avoid running `service` in Docker build containers",
    "path": "",
    "primary_span": {
      "end_byte": 0,
      "end_column": 1,
      "end_line": 5,
      "start_byte": 0,
      "start_column": 1,
      "start_line": 5
    },
    "severity": "info"
  },
  {
    "code": "RDL3001",
    "help": null,
    "labels": [],
    "message": "avoid running `ps` in Docker build containers",
    "path": "",
    "primary_span": {
      "end_byte": 0,
      "end_column": 1,
      "end_line": 6,
      "start_byte": 0,
      "start_column": 1,
      "start_line": 6
    },
    "severity": "info"
  },
  {
    "code": "RDL3001",
    "help": null,
    "labels": [],
    "message": "avoid running `mount` in Docker build containers",
    "path": "",
    "primary_span": {
      "end_byte": 0,
      "end_column": 1,
      "end_line": 8,
      "start_byte": 0,
      "start_column": 1,
      "start_line": 8
    },
    "severity": "info"
  },
  {
    "code": "RDL3001",
    "help": null,
    "labels": [],
    "message": "avoid running `ifconfig` in Docker build containers",
    "path": "",
    "primary_span": {
      "end_byte": 0,
      "end_column": 1,
      "end_line": 8,
      "start_byte": 0,
      "start_column": 1,
      "start_line": 8
    },
    "severity": "info"
  }
]
