---
source: crates/rudolint-rules/tests/rule_fixtures.rs
expression: "serde_json::to_value(&cases).expect(\"cases should serialize\")"
---
[
  {
    "findings": [],
    "fixture": "DL3012.no-healthcheck"
  },
  {
    "findings": [],
    "fixture": "DL3012.single-healthcheck-cmd"
  },
  {
    "findings": [],
    "fixture": "DL3012.single-healthcheck-none"
  },
  {
    "findings": [
      {
        "code": "DL3012",
        "help": null,
        "labels": [],
        "message": "only one HEALTHCHECK is allowed",
        "path": "",
        "primary_span": {
          "end_byte": 93,
          "end_column": 17,
          "end_line": 3,
          "start_byte": 77,
          "start_column": 1,
          "start_line": 3
        },
        "severity": "error"
      },
      {
        "code": "DL3012",
        "help": null,
        "labels": [],
        "message": "only one HEALTHCHECK is allowed",
        "path": "",
        "primary_span": {
          "end_byte": 141,
          "end_column": 48,
          "end_line": 4,
          "start_byte": 94,
          "start_column": 1,
          "start_line": 4
        },
        "severity": "error"
      }
    ],
    "fixture": "DL3012.duplicate-healthcheck"
  },
  {
    "findings": [
      {
        "code": "DL3012",
        "help": null,
        "labels": [],
        "message": "only one HEALTHCHECK is allowed",
        "path": "",
        "primary_span": {
          "end_byte": 165,
          "end_column": 59,
          "end_line": 5,
          "start_byte": 107,
          "start_column": 1,
          "start_line": 5
        },
        "severity": "error"
      }
    ],
    "fixture": "DL3012.multi-stage-healthcheck"
  }
]
