---
source: crates/rudolint-rules/tests/rule_fixtures.rs
assertion_line: 240
expression: "serde_json::to_value(&findings).expect(\"findings should serialize\")"
---
[
  {
    "code": "SC2002",
    "help": null,
    "labels": [],
    "message": "avoid piping cat output when the next command can read files directly",
    "path": "",
    "primary_span": {
      "end_byte": 88,
      "end_column": 29,
      "end_line": 4,
      "start_byte": 60,
      "start_column": 1,
      "start_line": 4
    },
    "severity": "warning"
  },
  {
    "code": "SC2086",
    "help": null,
    "labels": [],
    "message": "quote variable expansions to prevent word splitting and globbing",
    "path": "",
    "primary_span": {
      "end_byte": 235,
      "end_column": 15,
      "end_line": 8,
      "start_byte": 230,
      "start_column": 10,
      "start_line": 8
    },
    "severity": "warning"
  },
  {
    "code": "SC2046",
    "help": null,
    "labels": [],
    "message": "quote command substitutions to prevent word splitting",
    "path": "",
    "primary_span": {
      "end_byte": 353,
      "end_column": 18,
      "end_line": 12,
      "start_byte": 345,
      "start_column": 10,
      "start_line": 12
    },
    "severity": "warning"
  },
  {
    "code": "SC2015",
    "help": null,
    "labels": [],
    "message": "A && B || C is not a safe conditional expression",
    "path": "",
    "primary_span": {
      "end_byte": 686,
      "end_column": 42,
      "end_line": 19,
      "start_byte": 645,
      "start_column": 1,
      "start_line": 19
    },
    "severity": "warning"
  },
  {
    "code": "SC2155",
    "help": null,
    "labels": [],
    "message": "declare and assign separately to avoid masking command failures",
    "path": "",
    "primary_span": {
      "end_byte": 937,
      "end_column": 31,
      "end_line": 25,
      "start_byte": 918,
      "start_column": 12,
      "start_line": 25
    },
    "severity": "warning"
  },
  {
    "code": "SC2164",
    "help": null,
    "labels": [],
    "message": "check cd exit status before running more commands",
    "path": "",
    "primary_span": {
      "end_byte": 1070,
      "end_column": 18,
      "end_line": 29,
      "start_byte": 1053,
      "start_column": 1,
      "start_line": 29
    },
    "severity": "warning"
  },
  {
    "code": "SC2181",
    "help": null,
    "labels": [],
    "message": "check command exit status directly instead of testing $?",
    "path": "",
    "primary_span": {
      "end_byte": 1264,
      "end_column": 24,
      "end_line": 35,
      "start_byte": 1241,
      "start_column": 1,
      "start_line": 35
    },
    "severity": "warning"
  }
]
