---
source: crates/rudolint-rules/tests/rule_fixtures.rs
expression: "serde_json::to_value(&findings).expect(\"findings should serialize\")"
---
[
  {
    "code": "RDL3007",
    "column": 1,
    "line": 2,
    "message": "avoid mutable latest base image tags",
    "path": "",
    "severity": "warning"
  },
  {
    "code": "RDL3000",
    "column": 1,
    "line": 3,
    "message": "WORKDIR should be absolute",
    "path": "",
    "severity": "error"
  },
  {
    "code": "RDL3020",
    "column": 1,
    "line": 6,
    "message": "use COPY for local files unless archive extraction or remote fetch is intended",
    "path": "",
    "severity": "error"
  },
  {
    "code": "RDL3025",
    "column": 1,
    "line": 7,
    "message": "use exec/JSON form for CMD and ENTRYPOINT",
    "path": "",
    "severity": "warning"
  },
  {
    "code": "RDL4003",
    "column": 1,
    "line": 8,
    "message": "only the final CMD is used",
    "path": "",
    "severity": "warning"
  }
]
