---
source: crates/rudolint-rules/tests/rule_fixtures.rs
assertion_line: 262
expression: "serde_json::to_value(&findings).expect(\"findings should serialize\")"
---
[
  {
    "code": "DL3011",
    "help": null,
    "labels": [],
    "message": "invalid exposed port `65536`",
    "path": "",
    "primary_span": {
      "end_byte": 223,
      "end_column": 13,
      "end_line": 9,
      "start_byte": 211,
      "start_column": 1,
      "start_line": 9
    },
    "severity": "error"
  },
  {
    "code": "DL3011",
    "help": null,
    "labels": [],
    "message": "invalid exposed port `70000`",
    "path": "",
    "primary_span": {
      "end_byte": 285,
      "end_column": 17,
      "end_line": 11,
      "start_byte": 269,
      "start_column": 1,
      "start_line": 11
    },
    "severity": "error"
  },
  {
    "code": "DL3011",
    "help": null,
    "labels": [],
    "message": "invalid exposed port `-1`",
    "path": "",
    "primary_span": {
      "end_byte": 338,
      "end_column": 10,
      "end_line": 13,
      "start_byte": 329,
      "start_column": 1,
      "start_line": 13
    },
    "severity": "error"
  },
  {
    "code": "DL3011",
    "help": null,
    "labels": [],
    "message": "invalid exposed port `port`",
    "path": "",
    "primary_span": {
      "end_byte": 382,
      "end_column": 12,
      "end_line": 15,
      "start_byte": 371,
      "start_column": 1,
      "start_line": 15
    },
    "severity": "error"
  },
  {
    "code": "DL3011",
    "help": null,
    "labels": [],
    "message": "invalid exposed port `80-90`",
    "path": "",
    "primary_span": {
      "end_byte": 442,
      "end_column": 13,
      "end_line": 17,
      "start_byte": 430,
      "start_column": 1,
      "start_line": 17
    },
    "severity": "error"
  }
]
