---
source: crates/rudolint-rules/tests/rule_fixtures.rs
expression: "serde_json::to_value(&findings).expect(\"findings should serialize\")"
---
[
  {
    "code": "RSC2086",
    "help": null,
    "labels": [],
    "message": "quote variable expansions to prevent word splitting and globbing",
    "path": "",
    "primary_span": {
      "end_byte": 72,
      "end_column": 15,
      "end_line": 4,
      "start_byte": 58,
      "start_column": 1,
      "start_line": 4
    },
    "severity": "warning"
  },
  {
    "code": "RSC2046",
    "help": null,
    "labels": [],
    "message": "quote command substitutions to prevent word splitting",
    "path": "",
    "primary_span": {
      "end_byte": 192,
      "end_column": 18,
      "end_line": 8,
      "start_byte": 175,
      "start_column": 1,
      "start_line": 8
    },
    "severity": "warning"
  },
  {
    "code": "RSC2015",
    "help": null,
    "labels": [],
    "message": "A && B || C is not a safe conditional expression",
    "path": "",
    "primary_span": {
      "end_byte": 323,
      "end_column": 42,
      "end_line": 12,
      "start_byte": 282,
      "start_column": 1,
      "start_line": 12
    },
    "severity": "warning"
  },
  {
    "code": "RSC2155",
    "help": null,
    "labels": [],
    "message": "declare and assign separately to avoid masking command failures",
    "path": "",
    "primary_span": {
      "end_byte": 577,
      "end_column": 31,
      "end_line": 18,
      "start_byte": 547,
      "start_column": 1,
      "start_line": 18
    },
    "severity": "warning"
  },
  {
    "code": "RSC2164",
    "help": null,
    "labels": [],
    "message": "check cd exit status before running more commands",
    "path": "",
    "primary_span": {
      "end_byte": 712,
      "end_column": 18,
      "end_line": 22,
      "start_byte": 695,
      "start_column": 1,
      "start_line": 22
    },
    "severity": "warning"
  }
]
