---
source: crates/rudolint-rules/tests/rule_fixtures.rs
expression: metadata
---
[
  {
    "category": "compatibility",
    "code": "DL3000",
    "default_severity": "error",
    "docs_url": "https://github.com/kubeply/rudolint/blob/main/docs/rules/DL3000.md",
    "fix": "none",
    "name": "absolute-workdir",
    "profile": "hadolint-compat",
    "signals": [
      "correctness"
    ],
    "status": "implemented",
    "summary": "require absolute WORKDIR paths"
  },
  {
    "category": "compatibility",
    "code": "DL3001",
    "default_severity": "info",
    "docs_url": "https://github.com/kubeply/rudolint/blob/main/docs/rules/DL3001.md",
    "fix": "none",
    "name": "disallowed-container-commands",
    "profile": "hadolint-compat",
    "signals": [
      "correctness"
    ],
    "status": "implemented",
    "summary": "avoid commands that rarely make sense during Docker builds"
  },
  {
    "category": "compatibility",
    "code": "DL3002",
    "default_severity": "warning",
    "docs_url": "https://github.com/kubeply/rudolint/blob/main/docs/rules/DL3002.md",
    "fix": "none",
    "name": "final-user-not-root",
    "profile": "hadolint-compat",
    "signals": [
      "hardening"
    ],
    "status": "implemented",
    "summary": "require the final USER to be non-root"
  },
  {
    "category": "compatibility",
    "code": "DL3003",
    "default_severity": "warning",
    "docs_url": "https://github.com/kubeply/rudolint/blob/main/docs/rules/DL3003.md",
    "fix": "none",
    "name": "use-workdir-for-cd",
    "profile": "hadolint-compat",
    "signals": [
      "correctness"
    ],
    "status": "implemented",
    "summary": "prefer WORKDIR over RUN cd"
  },
  {
    "category": "compatibility",
    "code": "DL3004",
    "default_severity": "error",
    "docs_url": "https://github.com/kubeply/rudolint/blob/main/docs/rules/DL3004.md",
    "fix": "none",
    "name": "no-sudo",
    "profile": "hadolint-compat",
    "signals": [
      "hardening"
    ],
    "status": "implemented",
    "summary": "avoid sudo in Docker builds"
  },
  {
    "category": "compatibility",
    "code": "DL3006",
    "default_severity": "warning",
    "docs_url": "https://github.com/kubeply/rudolint/blob/main/docs/rules/DL3006.md",
    "fix": "none",
    "name": "explicit-from-tag",
    "profile": "hadolint-compat",
    "signals": [
      "hardening"
    ],
    "status": "implemented",
    "summary": "require explicit image tags in FROM"
  },
  {
    "category": "compatibility",
    "code": "DL3007",
    "default_severity": "warning",
    "docs_url": "https://github.com/kubeply/rudolint/blob/main/docs/rules/DL3007.md",
    "fix": "none",
    "name": "no-latest-tag",
    "profile": "hadolint-compat",
    "signals": [
      "hardening"
    ],
    "status": "implemented",
    "summary": "reject latest base image tags"
  },
  {
    "category": "compatibility",
    "code": "DL3008",
    "default_severity": "warning",
    "docs_url": "https://github.com/kubeply/rudolint/blob/main/docs/rules/DL3008.md",
    "fix": "none",
    "name": "pin-apt-get-install-versions",
    "profile": "hadolint-compat",
    "signals": [
      "hardening"
    ],
    "status": "implemented",
    "summary": "pin versions in apt-get install"
  },
  {
    "category": "compatibility",
    "code": "DL3009",
    "default_severity": "info",
    "docs_url": "https://github.com/kubeply/rudolint/blob/main/docs/rules/DL3009.md",
    "fix": "none",
    "name": "clean-apt-lists",
    "profile": "hadolint-compat",
    "signals": [
      "performance"
    ],
    "status": "implemented",
    "summary": "delete apt-get package lists after use"
  },
  {
    "category": "compatibility",
    "code": "DL3010",
    "default_severity": "info",
    "docs_url": "https://github.com/kubeply/rudolint/blob/main/docs/rules/DL3010.md",
    "fix": "none",
    "name": "use-add-for-archives",
    "profile": "hadolint-compat",
    "signals": [
      "performance"
    ],
    "status": "implemented",
    "summary": "use ADD for extracting local archives"
  },
  {
    "category": "compatibility",
    "code": "DL3011",
    "default_severity": "error",
    "docs_url": "https://github.com/kubeply/rudolint/blob/main/docs/rules/DL3011.md",
    "fix": "none",
    "name": "valid-expose-port",
    "profile": "hadolint-compat",
    "signals": [
      "correctness"
    ],
    "status": "implemented",
    "summary": "validate EXPOSE port numbers"
  },
  {
    "category": "compatibility",
    "code": "DL3012",
    "default_severity": "error",
    "docs_url": "https://github.com/kubeply/rudolint/blob/main/docs/rules/DL3012.md",
    "fix": "none",
    "name": "single-healthcheck",
    "profile": "hadolint-compat",
    "signals": [
      "correctness"
    ],
    "status": "implemented",
    "summary": "allow only one HEALTHCHECK instruction"
  },
  {
    "category": "compatibility",
    "code": "DL3013",
    "default_severity": "warning",
    "docs_url": "https://github.com/kubeply/rudolint/blob/main/docs/rules/DL3013.md",
    "fix": "none",
    "name": "pin-pip-versions",
    "profile": "hadolint-compat",
    "signals": [
      "hardening"
    ],
    "status": "implemented",
    "summary": "pin versions in pip install"
  },
  {
    "category": "compatibility",
    "code": "DL3014",
    "default_severity": "warning",
    "docs_url": "https://github.com/kubeply/rudolint/blob/main/docs/rules/DL3014.md",
    "fix": "none",
    "name": "apt-get-install-assume-yes",
    "profile": "hadolint-compat",
    "signals": [
      "performance"
    ],
    "status": "implemented",
    "summary": "use -y with apt-get install"
  },
  {
    "category": "compatibility",
    "code": "DL3015",
    "default_severity": "info",
    "docs_url": "https://github.com/kubeply/rudolint/blob/main/docs/rules/DL3015.md",
    "fix": "none",
    "name": "apt-get-no-install-recommends",
    "profile": "hadolint-compat",
    "signals": [
      "performance"
    ],
    "status": "implemented",
    "summary": "avoid recommended packages in apt-get install"
  },
  {
    "category": "compatibility",
    "code": "DL3016",
    "default_severity": "warning",
    "docs_url": "https://github.com/kubeply/rudolint/blob/main/docs/rules/DL3016.md",
    "fix": "none",
    "name": "pin-npm-versions",
    "profile": "hadolint-compat",
    "signals": [
      "hardening"
    ],
    "status": "implemented",
    "summary": "pin versions in npm install"
  },
  {
    "category": "compatibility",
    "code": "DL3018",
    "default_severity": "warning",
    "docs_url": "https://github.com/kubeply/rudolint/blob/main/docs/rules/DL3018.md",
    "fix": "none",
    "name": "pin-apk-versions",
    "profile": "hadolint-compat",
    "signals": [
      "hardening"
    ],
    "status": "implemented",
    "summary": "pin versions in apk add"
  },
  {
    "category": "compatibility",
    "code": "DL3019",
    "default_severity": "info",
    "docs_url": "https://github.com/kubeply/rudolint/blob/main/docs/rules/DL3019.md",
    "fix": "none",
    "name": "apk-add-no-cache",
    "profile": "hadolint-compat",
    "signals": [
      "performance"
    ],
    "status": "implemented",
    "summary": "use --no-cache with apk add"
  },
  {
    "category": "compatibility",
    "code": "DL3020",
    "default_severity": "error",
    "docs_url": "https://github.com/kubeply/rudolint/blob/main/docs/rules/DL3020.md",
    "fix": "none",
    "name": "prefer-copy",
    "profile": "hadolint-compat",
    "signals": [
      "correctness",
      "hardening"
    ],
    "status": "implemented",
    "summary": "prefer COPY for plain local files"
  },
  {
    "category": "compatibility",
    "code": "DL3021",
    "default_severity": "error",
    "docs_url": "https://github.com/kubeply/rudolint/blob/main/docs/rules/DL3021.md",
    "fix": "none",
    "name": "copy-multiple-destination-slash",
    "profile": "hadolint-compat",
    "signals": [
      "correctness"
    ],
    "status": "implemented",
    "summary": "require trailing slash for COPY destinations with multiple sources"
  },
  {
    "category": "compatibility",
    "code": "DL3022",
    "default_severity": "warning",
    "docs_url": "https://github.com/kubeply/rudolint/blob/main/docs/rules/DL3022.md",
    "fix": "none",
    "name": "copy-from-previous-stage",
    "profile": "hadolint-compat",
    "signals": [
      "correctness"
    ],
    "status": "implemented",
    "summary": "require COPY --from references to resolve to previous build stages"
  },
  {
    "category": "compatibility",
    "code": "DL3023",
    "default_severity": "error",
    "docs_url": "https://github.com/kubeply/rudolint/blob/main/docs/rules/DL3023.md",
    "fix": "none",
    "name": "copy-from-own-stage",
    "profile": "hadolint-compat",
    "signals": [
      "correctness"
    ],
    "status": "implemented",
    "summary": "forbid COPY --from references to the current stage"
  },
  {
    "category": "compatibility",
    "code": "DL3024",
    "default_severity": "error",
    "docs_url": "https://github.com/kubeply/rudolint/blob/main/docs/rules/DL3024.md",
    "fix": "none",
    "name": "unique-stage-names",
    "profile": "hadolint-compat",
    "signals": [
      "correctness"
    ],
    "status": "implemented",
    "summary": "require unique multi-stage aliases"
  },
  {
    "category": "compatibility",
    "code": "DL3025",
    "default_severity": "warning",
    "docs_url": "https://github.com/kubeply/rudolint/blob/main/docs/rules/DL3025.md",
    "fix": "manual",
    "name": "json-entrypoints",
    "profile": "hadolint-compat",
    "signals": [
      "correctness",
      "hardening"
    ],
    "status": "implemented",
    "summary": "prefer JSON form for CMD and ENTRYPOINT"
  },
  {
    "category": "compatibility",
    "code": "DL3026",
    "default_severity": "error",
    "docs_url": "https://github.com/kubeply/rudolint/blob/main/docs/rules/DL3026.md",
    "fix": "none",
    "name": "trusted-registries",
    "profile": "hadolint-compat",
    "signals": [
      "hardening"
    ],
    "status": "implemented",
    "summary": "restrict FROM images to trusted registries"
  },
  {
    "category": "compatibility",
    "code": "DL3027",
    "default_severity": "warning",
    "docs_url": "https://github.com/kubeply/rudolint/blob/main/docs/rules/DL3027.md",
    "fix": "none",
    "name": "use-apt-get",
    "profile": "hadolint-compat",
    "signals": [
      "correctness"
    ],
    "status": "implemented",
    "summary": "prefer apt-get or apt-cache over apt"
  },
  {
    "category": "compatibility",
    "code": "DL3028",
    "default_severity": "warning",
    "docs_url": "https://github.com/kubeply/rudolint/blob/main/docs/rules/DL3028.md",
    "fix": "none",
    "name": "pin-gem-versions",
    "profile": "hadolint-compat",
    "signals": [
      "hardening"
    ],
    "status": "implemented",
    "summary": "pin versions in gem install"
  },
  {
    "category": "compatibility",
    "code": "DL3029",
    "default_severity": "warning",
    "docs_url": "https://github.com/kubeply/rudolint/blob/main/docs/rules/DL3029.md",
    "fix": "none",
    "name": "no-from-platform-flag",
    "profile": "hadolint-compat",
    "signals": [
      "correctness"
    ],
    "status": "implemented",
    "summary": "avoid --platform in FROM"
  },
  {
    "category": "compatibility",
    "code": "DL3030",
    "default_severity": "warning",
    "docs_url": "https://github.com/kubeply/rudolint/blob/main/docs/rules/DL3030.md",
    "fix": "none",
    "name": "yum-install-assume-yes",
    "profile": "hadolint-compat",
    "signals": [
      "correctness"
    ],
    "status": "implemented",
    "summary": "use -y with yum install"
  },
  {
    "category": "compatibility",
    "code": "DL3032",
    "default_severity": "info",
    "docs_url": "https://github.com/kubeply/rudolint/blob/main/docs/rules/DL3032.md",
    "fix": "none",
    "name": "yum-clean-all",
    "profile": "hadolint-compat",
    "signals": [
      "performance"
    ],
    "status": "implemented",
    "summary": "clean yum metadata after installs"
  },
  {
    "category": "compatibility",
    "code": "DL3033",
    "default_severity": "warning",
    "docs_url": "https://github.com/kubeply/rudolint/blob/main/docs/rules/DL3033.md",
    "fix": "none",
    "name": "pin-yum-versions",
    "profile": "hadolint-compat",
    "signals": [
      "hardening"
    ],
    "status": "implemented",
    "summary": "pin versions in yum install"
  },
  {
    "category": "compatibility",
    "code": "DL3034",
    "default_severity": "warning",
    "docs_url": "https://github.com/kubeply/rudolint/blob/main/docs/rules/DL3034.md",
    "fix": "none",
    "name": "zypper-install-assume-yes",
    "profile": "hadolint-compat",
    "signals": [
      "correctness"
    ],
    "status": "implemented",
    "summary": "use a non-interactive flag with zypper install"
  },
  {
    "category": "compatibility",
    "code": "DL3035",
    "default_severity": "warning",
    "docs_url": "https://github.com/kubeply/rudolint/blob/main/docs/rules/DL3035.md",
    "fix": "none",
    "name": "no-zypper-dist-upgrade",
    "profile": "hadolint-compat",
    "signals": [
      "correctness"
    ],
    "status": "implemented",
    "summary": "avoid zypper dist-upgrade"
  },
  {
    "category": "compatibility",
    "code": "DL3036",
    "default_severity": "warning",
    "docs_url": "https://github.com/kubeply/rudolint/blob/main/docs/rules/DL3036.md",
    "fix": "none",
    "name": "zypper-clean",
    "profile": "hadolint-compat",
    "signals": [
      "performance"
    ],
    "status": "implemented",
    "summary": "clean zypper metadata after use"
  },
  {
    "category": "compatibility",
    "code": "DL3037",
    "default_severity": "warning",
    "docs_url": "https://github.com/kubeply/rudolint/blob/main/docs/rules/DL3037.md",
    "fix": "none",
    "name": "pin-zypper-versions",
    "profile": "hadolint-compat",
    "signals": [
      "hardening"
    ],
    "status": "implemented",
    "summary": "pin versions in zypper install"
  },
  {
    "category": "compatibility",
    "code": "DL3038",
    "default_severity": "warning",
    "docs_url": "https://github.com/kubeply/rudolint/blob/main/docs/rules/DL3038.md",
    "fix": "none",
    "name": "dnf-install-assume-yes",
    "profile": "hadolint-compat",
    "signals": [
      "correctness"
    ],
    "status": "implemented",
    "summary": "use -y with dnf install"
  },
  {
    "category": "compatibility",
    "code": "DL3040",
    "default_severity": "info",
    "docs_url": "https://github.com/kubeply/rudolint/blob/main/docs/rules/DL3040.md",
    "fix": "none",
    "name": "dnf-clean-all",
    "profile": "hadolint-compat",
    "signals": [
      "performance"
    ],
    "status": "implemented",
    "summary": "clean dnf metadata after installs"
  },
  {
    "category": "compatibility",
    "code": "DL3041",
    "default_severity": "warning",
    "docs_url": "https://github.com/kubeply/rudolint/blob/main/docs/rules/DL3041.md",
    "fix": "none",
    "name": "pin-dnf-versions",
    "profile": "hadolint-compat",
    "signals": [
      "hardening"
    ],
    "status": "implemented",
    "summary": "pin versions in dnf install"
  },
  {
    "category": "compatibility",
    "code": "DL3042",
    "default_severity": "warning",
    "docs_url": "https://github.com/kubeply/rudolint/blob/main/docs/rules/DL3042.md",
    "fix": "none",
    "name": "pip-no-cache-dir",
    "profile": "hadolint-compat",
    "signals": [
      "performance"
    ],
    "status": "implemented",
    "summary": "avoid pip cache directories"
  },
  {
    "category": "compatibility",
    "code": "DL3043",
    "default_severity": "error",
    "docs_url": "https://github.com/kubeply/rudolint/blob/main/docs/rules/DL3043.md",
    "fix": "none",
    "name": "no-onbuild-trigger",
    "profile": "hadolint-compat",
    "signals": [
      "correctness"
    ],
    "status": "implemented",
    "summary": "reject ONBUILD triggers for ONBUILD, FROM, or MAINTAINER"
  },
  {
    "category": "compatibility",
    "code": "DL3044",
    "default_severity": "error",
    "docs_url": "https://github.com/kubeply/rudolint/blob/main/docs/rules/DL3044.md",
    "fix": "none",
    "name": "no-env-self-reference",
    "profile": "hadolint-compat",
    "signals": [
      "correctness"
    ],
    "status": "implemented",
    "summary": "reject same-statement ENV references"
  },
  {
    "category": "compatibility",
    "code": "DL3045",
    "default_severity": "warning",
    "docs_url": "https://github.com/kubeply/rudolint/blob/main/docs/rules/DL3045.md",
    "fix": "none",
    "name": "copy-relative-without-workdir",
    "profile": "hadolint-compat",
    "signals": [
      "correctness"
    ],
    "status": "implemented",
    "summary": "avoid COPY to relative destinations without WORKDIR"
  },
  {
    "category": "compatibility",
    "code": "DL3046",
    "default_severity": "warning",
    "docs_url": "https://github.com/kubeply/rudolint/blob/main/docs/rules/DL3046.md",
    "fix": "none",
    "name": "useradd-no-log-init",
    "profile": "hadolint-compat",
    "signals": [
      "correctness"
    ],
    "status": "implemented",
    "summary": "use no-log-init with high useradd UIDs"
  },
  {
    "category": "compatibility",
    "code": "DL3047",
    "default_severity": "info",
    "docs_url": "https://github.com/kubeply/rudolint/blob/main/docs/rules/DL3047.md",
    "fix": "none",
    "name": "wget-progress",
    "profile": "hadolint-compat",
    "signals": [
      "performance"
    ],
    "status": "implemented",
    "summary": "avoid noisy wget progress output"
  },
  {
    "category": "compatibility",
    "code": "DL3048",
    "default_severity": "style",
    "docs_url": "https://github.com/kubeply/rudolint/blob/main/docs/rules/DL3048.md",
    "fix": "none",
    "name": "valid-label-key",
    "profile": "hadolint-compat",
    "signals": [
      "correctness"
    ],
    "status": "implemented",
    "summary": "reject invalid label keys"
  },
  {
    "category": "compatibility",
    "code": "DL3049",
    "default_severity": "info",
    "docs_url": "https://github.com/kubeply/rudolint/blob/main/docs/rules/DL3049.md",
    "fix": "none",
    "name": "missing-required-labels",
    "profile": "hadolint-compat",
    "signals": [
      "correctness"
    ],
    "status": "implemented",
    "summary": "require configured labels"
  },
  {
    "category": "compatibility",
    "code": "DL3050",
    "default_severity": "info",
    "docs_url": "https://github.com/kubeply/rudolint/blob/main/docs/rules/DL3050.md",
    "fix": "none",
    "name": "no-superfluous-labels",
    "profile": "hadolint-compat",
    "signals": [
      "correctness"
    ],
    "status": "implemented",
    "summary": "reject labels outside the configured label schema"
  },
  {
    "category": "compatibility",
    "code": "DL3051",
    "default_severity": "warning",
    "docs_url": "https://github.com/kubeply/rudolint/blob/main/docs/rules/DL3051.md",
    "fix": "none",
    "name": "no-empty-labels",
    "profile": "hadolint-compat",
    "signals": [
      "correctness"
    ],
    "status": "implemented",
    "summary": "reject empty configured label values"
  },
  {
    "category": "compatibility",
    "code": "DL3052",
    "default_severity": "warning",
    "docs_url": "https://github.com/kubeply/rudolint/blob/main/docs/rules/DL3052.md",
    "fix": "none",
    "name": "valid-url-labels",
    "profile": "hadolint-compat",
    "signals": [
      "correctness"
    ],
    "status": "implemented",
    "summary": "validate URL label values"
  },
  {
    "category": "compatibility",
    "code": "DL3053",
    "default_severity": "warning",
    "docs_url": "https://github.com/kubeply/rudolint/blob/main/docs/rules/DL3053.md",
    "fix": "none",
    "name": "valid-rfc3339-labels",
    "profile": "hadolint-compat",
    "signals": [
      "correctness"
    ],
    "status": "implemented",
    "summary": "validate RFC3339 label values"
  },
  {
    "category": "compatibility",
    "code": "DL3054",
    "default_severity": "warning",
    "docs_url": "https://github.com/kubeply/rudolint/blob/main/docs/rules/DL3054.md",
    "fix": "none",
    "name": "valid-spdx-labels",
    "profile": "hadolint-compat",
    "signals": [
      "correctness"
    ],
    "status": "implemented",
    "summary": "validate SPDX license label values"
  },
  {
    "category": "compatibility",
    "code": "DL3055",
    "default_severity": "warning",
    "docs_url": "https://github.com/kubeply/rudolint/blob/main/docs/rules/DL3055.md",
    "fix": "none",
    "name": "valid-git-hash-labels",
    "profile": "hadolint-compat",
    "signals": [
      "correctness"
    ],
    "status": "implemented",
    "summary": "validate git hash label values"
  },
  {
    "category": "compatibility",
    "code": "DL3056",
    "default_severity": "warning",
    "docs_url": "https://github.com/kubeply/rudolint/blob/main/docs/rules/DL3056.md",
    "fix": "none",
    "name": "valid-semver-labels",
    "profile": "hadolint-compat",
    "signals": [
      "correctness"
    ],
    "status": "implemented",
    "summary": "validate semantic version label values"
  },
  {
    "category": "compatibility",
    "code": "DL3057",
    "default_severity": "ignore",
    "docs_url": "https://github.com/kubeply/rudolint/blob/main/docs/rules/DL3057.md",
    "fix": "none",
    "name": "missing-healthcheck",
    "profile": "hadolint-compat",
    "signals": [
      "correctness"
    ],
    "status": "implemented",
    "summary": "require HEALTHCHECK instructions"
  },
  {
    "category": "compatibility",
    "code": "DL3058",
    "default_severity": "warning",
    "docs_url": "https://github.com/kubeply/rudolint/blob/main/docs/rules/DL3058.md",
    "fix": "none",
    "name": "valid-email-labels",
    "profile": "hadolint-compat",
    "signals": [
      "correctness"
    ],
    "status": "implemented",
    "summary": "validate email label values"
  },
  {
    "category": "compatibility",
    "code": "DL3059",
    "default_severity": "info",
    "docs_url": "https://github.com/kubeply/rudolint/blob/main/docs/rules/DL3059.md",
    "fix": "none",
    "name": "consecutive-run",
    "profile": "hadolint-compat",
    "signals": [
      "performance"
    ],
    "status": "implemented",
    "summary": "combine consecutive RUN instructions"
  },
  {
    "category": "compatibility",
    "code": "DL3060",
    "default_severity": "info",
    "docs_url": "https://github.com/kubeply/rudolint/blob/main/docs/rules/DL3060.md",
    "fix": "none",
    "name": "yarn-cache-clean",
    "profile": "hadolint-compat",
    "signals": [
      "performance"
    ],
    "status": "implemented",
    "summary": "clean yarn cache after yarn install"
  },
  {
    "category": "compatibility",
    "code": "DL3061",
    "default_severity": "error",
    "docs_url": "https://github.com/kubeply/rudolint/blob/main/docs/rules/DL3061.md",
    "fix": "none",
    "name": "instruction-order",
    "profile": "hadolint-compat",
    "signals": [
      "correctness"
    ],
    "status": "implemented",
    "summary": "require Dockerfiles to begin with FROM, ARG, or comments"
  },
  {
    "category": "compatibility",
    "code": "DL3062",
    "default_severity": "warning",
    "docs_url": "https://github.com/kubeply/rudolint/blob/main/docs/rules/DL3062.md",
    "fix": "none",
    "name": "pin-go-versions",
    "profile": "hadolint-compat",
    "signals": [
      "hardening"
    ],
    "status": "implemented",
    "summary": "pin Go package versions"
  },
  {
    "category": "compatibility",
    "code": "DL3063",
    "default_severity": "warning",
    "docs_url": "https://github.com/kubeply/rudolint/blob/main/docs/rules/DL3063.md",
    "fix": "none",
    "name": "reserved-stage-name",
    "profile": "hadolint-compat",
    "signals": [
      "correctness"
    ],
    "status": "implemented",
    "summary": "avoid reserved stage names"
  },
  {
    "category": "compatibility",
    "code": "DL4000",
    "default_severity": "error",
    "docs_url": "https://github.com/kubeply/rudolint/blob/main/docs/rules/DL4000.md",
    "fix": "safe",
    "name": "deprecated-maintainer",
    "profile": "hadolint-compat",
    "signals": [
      "correctness"
    ],
    "status": "implemented",
    "summary": "reject deprecated MAINTAINER instructions"
  },
  {
    "category": "compatibility",
    "code": "DL4001",
    "default_severity": "warning",
    "docs_url": "https://github.com/kubeply/rudolint/blob/main/docs/rules/DL4001.md",
    "fix": "none",
    "name": "either-wget-or-curl",
    "profile": "hadolint-compat",
    "signals": [
      "correctness",
      "hardening"
    ],
    "status": "implemented",
    "summary": "use either wget or curl in a stage"
  },
  {
    "category": "compatibility",
    "code": "DL4003",
    "default_severity": "warning",
    "docs_url": "https://github.com/kubeply/rudolint/blob/main/docs/rules/DL4003.md",
    "fix": "none",
    "name": "single-cmd",
    "profile": "hadolint-compat",
    "signals": [
      "correctness"
    ],
    "status": "implemented",
    "summary": "allow only one CMD instruction"
  },
  {
    "category": "compatibility",
    "code": "DL4004",
    "default_severity": "error",
    "docs_url": "https://github.com/kubeply/rudolint/blob/main/docs/rules/DL4004.md",
    "fix": "none",
    "name": "single-entrypoint",
    "profile": "hadolint-compat",
    "signals": [
      "correctness"
    ],
    "status": "implemented",
    "summary": "allow only one ENTRYPOINT instruction"
  },
  {
    "category": "compatibility",
    "code": "DL4005",
    "default_severity": "warning",
    "docs_url": "https://github.com/kubeply/rudolint/blob/main/docs/rules/DL4005.md",
    "fix": "none",
    "name": "use-shell-for-default-shell",
    "profile": "hadolint-compat",
    "signals": [
      "correctness"
    ],
    "status": "implemented",
    "summary": "use SHELL to change the default shell"
  },
  {
    "category": "compatibility",
    "code": "DL4006",
    "default_severity": "warning",
    "docs_url": "https://github.com/kubeply/rudolint/blob/main/docs/rules/DL4006.md",
    "fix": "none",
    "name": "pipefail-before-pipe",
    "profile": "hadolint-compat",
    "signals": [
      "correctness"
    ],
    "status": "implemented",
    "summary": "set pipefail before RUN instructions with pipes"
  },
  {
    "category": "buildkit",
    "code": "RDK1000",
    "default_severity": "info",
    "docs_url": "https://github.com/kubeply/rudolint/blob/main/docs/rules/RDK1000.md",
    "fix": "safe",
    "name": "buildkit-syntax-directive",
    "profile": "default",
    "signals": [
      "correctness"
    ],
    "status": "implemented",
    "summary": "require explicit syntax directive for BuildKit-only features"
  },
  {
    "category": "buildkit",
    "code": "RDK1001",
    "default_severity": "warning",
    "docs_url": "https://github.com/kubeply/rudolint/blob/main/docs/rules/RDK1001.md",
    "fix": "none",
    "name": "secret-like-arg-or-env",
    "profile": "default",
    "signals": [
      "hardening"
    ],
    "status": "implemented",
    "summary": "reject secret-like ARG and ENV names"
  },
  {
    "category": "buildkit",
    "code": "RDK1002",
    "default_severity": "warning",
    "docs_url": "https://github.com/kubeply/rudolint/blob/main/docs/rules/RDK1002.md",
    "fix": "none",
    "name": "secret-in-run",
    "profile": "default",
    "signals": [
      "hardening"
    ],
    "status": "implemented",
    "summary": "prefer BuildKit secret mounts for secret-consuming RUN steps"
  },
  {
    "category": "buildkit",
    "code": "RDK1003",
    "default_severity": "info",
    "docs_url": "https://github.com/kubeply/rudolint/blob/main/docs/rules/RDK1003.md",
    "fix": "none",
    "name": "cache-mount-for-package-install",
    "profile": "default",
    "signals": [
      "performance"
    ],
    "status": "implemented",
    "summary": "prefer BuildKit cache mounts for package-manager caches"
  },
  {
    "category": "buildkit",
    "code": "RDK1004",
    "default_severity": "warning",
    "docs_url": "https://github.com/kubeply/rudolint/blob/main/docs/rules/RDK1004.md",
    "fix": "none",
    "name": "secret-mount-copied-to-layer",
    "profile": "default",
    "signals": [
      "hardening"
    ],
    "status": "implemented",
    "summary": "avoid copying BuildKit secret mount contents into image layers"
  },
  {
    "category": "buildkit",
    "code": "RDK1005",
    "default_severity": "warning",
    "docs_url": "https://github.com/kubeply/rudolint/blob/main/docs/rules/RDK1005.md",
    "fix": "none",
    "name": "ssh-mount-command-scope",
    "profile": "default",
    "signals": [
      "hardening"
    ],
    "status": "implemented",
    "summary": "scope BuildKit SSH mounts to the command that needs the agent"
  },
  {
    "category": "buildkit",
    "code": "RDK1006",
    "default_severity": "info",
    "docs_url": "https://github.com/kubeply/rudolint/blob/main/docs/rules/RDK1006.md",
    "fix": "none",
    "name": "cache-mount-stable-id",
    "profile": "default",
    "signals": [
      "performance"
    ],
    "status": "implemented",
    "summary": "require stable cache mount ids in multi-stage builds"
  },
  {
    "category": "buildkit",
    "code": "RDK1007",
    "default_severity": "warning",
    "docs_url": "https://github.com/kubeply/rudolint/blob/main/docs/rules/RDK1007.md",
    "fix": "none",
    "name": "cache-mount-safe-sharing",
    "profile": "default",
    "signals": [
      "correctness",
      "hardening"
    ],
    "status": "implemented",
    "summary": "require safe cache mount sharing for lock-based package managers"
  },
  {
    "category": "buildkit",
    "code": "RDK1008",
    "default_severity": "warning",
    "docs_url": "https://github.com/kubeply/rudolint/blob/main/docs/rules/RDK1008.md",
    "fix": "none",
    "name": "buildkit-entitlement-opt-in",
    "profile": "default",
    "signals": [
      "hardening"
    ],
    "status": "implemented",
    "summary": "require config opt-in for BuildKit network and security entitlements"
  },
  {
    "category": "buildkit",
    "code": "RDK1009",
    "default_severity": "warning",
    "docs_url": "https://github.com/kubeply/rudolint/blob/main/docs/rules/RDK1009.md",
    "fix": "none",
    "name": "multi-platform-host-architecture",
    "profile": "default",
    "signals": [
      "correctness"
    ],
    "status": "implemented",
    "summary": "avoid host architecture detection in multi-platform builds"
  },
  {
    "category": "buildkit",
    "code": "RDK1010",
    "default_severity": "warning",
    "docs_url": "https://github.com/kubeply/rudolint/blob/main/docs/rules/RDK1010.md",
    "fix": "none",
    "name": "frontend-version-supports-syntax",
    "profile": "default",
    "signals": [
      "correctness"
    ],
    "status": "implemented",
    "summary": "require a new enough Dockerfile frontend for used syntax"
  },
  {
    "category": "rudolint",
    "code": "RUD1001",
    "default_severity": "warning",
    "docs_url": "https://github.com/kubeply/rudolint/blob/main/docs/rules/RUD1001.md",
    "fix": "none",
    "name": "legacy-external-suppression",
    "profile": "default",
    "signals": [],
    "status": "implemented",
    "summary": "warn on legacy external linter suppression comments"
  },
  {
    "category": "shell",
    "code": "SC2002",
    "default_severity": "warning",
    "docs_url": "https://github.com/kubeply/rudolint/blob/main/docs/rules/SC2002.md",
    "fix": "none",
    "name": "avoid-useless-cat",
    "profile": "hadolint-compat",
    "signals": [
      "performance"
    ],
    "status": "implemented",
    "summary": "avoid piping cat output when the next command can read files directly"
  },
  {
    "category": "shell",
    "code": "SC2015",
    "default_severity": "warning",
    "docs_url": "https://github.com/kubeply/rudolint/blob/main/docs/rules/SC2015.md",
    "fix": "none",
    "name": "command-chain-as-condition",
    "profile": "hadolint-compat",
    "signals": [
      "correctness"
    ],
    "status": "implemented",
    "summary": "avoid using A && B || C as a conditional expression"
  },
  {
    "category": "shell",
    "code": "SC2046",
    "default_severity": "warning",
    "docs_url": "https://github.com/kubeply/rudolint/blob/main/docs/rules/SC2046.md",
    "fix": "none",
    "name": "quote-command-substitutions",
    "profile": "hadolint-compat",
    "signals": [
      "correctness"
    ],
    "status": "implemented",
    "summary": "quote command substitutions to prevent word splitting"
  },
  {
    "category": "shell",
    "code": "SC2086",
    "default_severity": "warning",
    "docs_url": "https://github.com/kubeply/rudolint/blob/main/docs/rules/SC2086.md",
    "fix": "none",
    "name": "quote-variable-expansions",
    "profile": "hadolint-compat",
    "signals": [
      "correctness"
    ],
    "status": "implemented",
    "summary": "quote variable expansions to prevent word splitting and globbing"
  },
  {
    "category": "shell",
    "code": "SC2155",
    "default_severity": "warning",
    "docs_url": "https://github.com/kubeply/rudolint/blob/main/docs/rules/SC2155.md",
    "fix": "none",
    "name": "declare-and-assign-separately",
    "profile": "hadolint-compat",
    "signals": [
      "correctness"
    ],
    "status": "implemented",
    "summary": "declare and assign separately to avoid masking command failures"
  },
  {
    "category": "shell",
    "code": "SC2164",
    "default_severity": "warning",
    "docs_url": "https://github.com/kubeply/rudolint/blob/main/docs/rules/SC2164.md",
    "fix": "none",
    "name": "check-cd-exit-status",
    "profile": "hadolint-compat",
    "signals": [
      "correctness"
    ],
    "status": "implemented",
    "summary": "check cd exit status before running more commands"
  },
  {
    "category": "shell",
    "code": "SC2181",
    "default_severity": "warning",
    "docs_url": "https://github.com/kubeply/rudolint/blob/main/docs/rules/SC2181.md",
    "fix": "none",
    "name": "check-exit-code-directly",
    "profile": "hadolint-compat",
    "signals": [
      "correctness"
    ],
    "status": "implemented",
    "summary": "check command exit status directly instead of testing $?"
  }
]
