---
source: crates/rudolint-rules/tests/rule_fixtures.rs
assertion_line: 1351
expression: "serde_json::to_value(&findings).expect(\"findings should serialize\")"
---
[
  {
    "code": "RDK1004",
    "help": null,
    "labels": [],
    "message": "secret mount contents appear to be copied into the image layer",
    "path": "",
    "primary_span": {
      "end_byte": 123,
      "end_column": 74,
      "end_line": 5,
      "start_byte": 50,
      "start_column": 1,
      "start_line": 5
    },
    "severity": "warning"
  },
  {
    "code": "RDK1004",
    "help": null,
    "labels": [],
    "message": "secret mount contents appear to be copied into the image layer",
    "path": "",
    "primary_span": {
      "end_byte": 234,
      "end_column": 111,
      "end_line": 6,
      "start_byte": 124,
      "start_column": 1,
      "start_line": 6
    },
    "severity": "warning"
  },
  {
    "code": "RDK1004",
    "help": null,
    "labels": [],
    "message": "secret mount contents appear to be copied into the image layer",
    "path": "",
    "primary_span": {
      "end_byte": 351,
      "end_column": 117,
      "end_line": 7,
      "start_byte": 235,
      "start_column": 1,
      "start_line": 7
    },
    "severity": "warning"
  }
]
