---
source: crates/rudolint-rules/tests/rule_fixtures.rs
expression: snapshot
---
{
  "config_filters": {
    "ignore_rdl3000": [
      {
        "code": "RDL3007",
        "severity": "warning"
      },
      {
        "code": "RDK1001",
        "severity": "warning"
      },
      {
        "code": "RDK1003",
        "severity": "info"
      },
      {
        "code": "RDL3018",
        "severity": "warning"
      },
      {
        "code": "RDL3019",
        "severity": "info"
      },
      {
        "code": "RDL3020",
        "severity": "error"
      },
      {
        "code": "RDL3025",
        "severity": "warning"
      },
      {
        "code": "RDL4003",
        "severity": "warning"
      }
    ],
    "severity_override_rdl3007": [
      {
        "code": "RDL3007",
        "severity": "error"
      },
      {
        "code": "RDL3000",
        "severity": "error"
      },
      {
        "code": "RDL3018",
        "severity": "warning"
      },
      {
        "code": "RDL3019",
        "severity": "info"
      },
      {
        "code": "RDL3020",
        "severity": "error"
      },
      {
        "code": "RDL3025",
        "severity": "warning"
      },
      {
        "code": "RDL4003",
        "severity": "warning"
      }
    ]
  },
  "implemented_catalog": {
    "compat": [
      "RDL1001",
      "RDL3000",
      "RDL3001",
      "RDL3002",
      "RDL3003",
      "RDL3004",
      "RDL3006",
      "RDL3007",
      "RDL3008",
      "RDL3009",
      "RDL3010",
      "RDL3011",
      "RDL3012",
      "RDL3013",
      "RDL3014",
      "RDL3015",
      "RDL3016",
      "RDL3018",
      "RDL3019",
      "RDL3020",
      "RDL3021",
      "RDL3022",
      "RDL3023",
      "RDL3024",
      "RDL3025",
      "RDL3026",
      "RDL3027",
      "RDL3028",
      "RDL3029",
      "RDL3030",
      "RDL3032",
      "RDL3033",
      "RDL3034",
      "RDL3035",
      "RDL3036",
      "RDL3037",
      "RDL3038",
      "RDL3040",
      "RDL3041",
      "RDL3042",
      "RDL3043",
      "RDL3044",
      "RDL3045",
      "RDL3046",
      "RDL3047",
      "RDL3048",
      "RDL3049",
      "RDL3050",
      "RDL3051",
      "RDL3052",
      "RDL3053",
      "RDL3054",
      "RDL4000",
      "RDL4003",
      "RDL4004"
    ],
    "default": [
      "RDK1000",
      "RDK1001",
      "RDK1002",
      "RDK1003",
      "RDL1001",
      "RDL3000",
      "RDL3001",
      "RDL3002",
      "RDL3003",
      "RDL3004",
      "RDL3006",
      "RDL3007",
      "RDL3008",
      "RDL3009",
      "RDL3010",
      "RDL3011",
      "RDL3012",
      "RDL3013",
      "RDL3014",
      "RDL3015",
      "RDL3016",
      "RDL3018",
      "RDL3019",
      "RDL3020",
      "RDL3021",
      "RDL3022",
      "RDL3023",
      "RDL3024",
      "RDL3025",
      "RDL3026",
      "RDL3027",
      "RDL3028",
      "RDL3029",
      "RDL3030",
      "RDL3032",
      "RDL3033",
      "RDL3034",
      "RDL3035",
      "RDL3036",
      "RDL3037",
      "RDL3038",
      "RDL3040",
      "RDL3041",
      "RDL3042",
      "RDL3043",
      "RDL3044",
      "RDL3045",
      "RDL3046",
      "RDL3047",
      "RDL3048",
      "RDL3049",
      "RDL3050",
      "RDL3051",
      "RDL3052",
      "RDL3053",
      "RDL3054",
      "RDL4000",
      "RDL4003",
      "RDL4004"
    ]
  },
  "profile_findings": {
    "compat": [
      {
        "code": "RDL3007",
        "severity": "warning"
      },
      {
        "code": "RDL3000",
        "severity": "error"
      },
      {
        "code": "RDL3018",
        "severity": "warning"
      },
      {
        "code": "RDL3019",
        "severity": "info"
      },
      {
        "code": "RDL3020",
        "severity": "error"
      },
      {
        "code": "RDL3025",
        "severity": "warning"
      },
      {
        "code": "RDL4003",
        "severity": "warning"
      }
    ],
    "default": [
      {
        "code": "RDL3007",
        "severity": "warning"
      },
      {
        "code": "RDL3000",
        "severity": "error"
      },
      {
        "code": "RDK1001",
        "severity": "warning"
      },
      {
        "code": "RDK1003",
        "severity": "info"
      },
      {
        "code": "RDL3018",
        "severity": "warning"
      },
      {
        "code": "RDL3019",
        "severity": "info"
      },
      {
        "code": "RDL3020",
        "severity": "error"
      },
      {
        "code": "RDL3025",
        "severity": "warning"
      },
      {
        "code": "RDL4003",
        "severity": "warning"
      }
    ]
  }
}
