---
source: crates/rudolint-rules/tests/rule_fixtures.rs
expression: "serde_json::to_value(&findings).expect(\"findings should serialize\")"
---
[
  {
    "code": "RDL3057",
    "help": null,
    "labels": [],
    "message": "HEALTHCHECK instruction is missing",
    "path": "",
    "primary_span": {
      "end_byte": 0,
      "end_column": 1,
      "end_line": 1,
      "start_byte": 0,
      "start_column": 1,
      "start_line": 1
    },
    "severity": "warning"
  },
  {
    "code": "RDL3057",
    "help": null,
    "labels": [],
    "message": "HEALTHCHECK instruction is missing",
    "path": "",
    "primary_span": {
      "end_byte": 0,
      "end_column": 1,
      "end_line": 16,
      "start_byte": 0,
      "start_column": 1,
      "start_line": 16
    },
    "severity": "warning"
  },
  {
    "code": "RDL3057",
    "help": null,
    "labels": [],
    "message": "HEALTHCHECK instruction is missing",
    "path": "",
    "primary_span": {
      "end_byte": 0,
      "end_column": 1,
      "end_line": 22,
      "start_byte": 0,
      "start_column": 1,
      "start_line": 22
    },
    "severity": "warning"
  },
  {
    "code": "RDL3057",
    "help": null,
    "labels": [],
    "message": "HEALTHCHECK instruction is missing",
    "path": "",
    "primary_span": {
      "end_byte": 0,
      "end_column": 1,
      "end_line": 25,
      "start_byte": 0,
      "start_column": 1,
      "start_line": 25
    },
    "severity": "warning"
  }
]
