---
source: crates/rudolint-rules/tests/rule_fixtures.rs
expression: "serde_json::to_value(&findings).expect(\"findings should serialize\")"
---
[
  {
    "code": "DL3047",
    "help": null,
    "labels": [],
    "message": "avoid wget without `--progress=dot:giga`, `-q`, or `-nv`",
    "path": "",
    "primary_span": {
      "end_byte": 60,
      "end_column": 44,
      "end_line": 2,
      "start_byte": 17,
      "start_column": 1,
      "start_line": 2
    },
    "severity": "info"
  },
  {
    "code": "DL3047",
    "help": null,
    "labels": [],
    "message": "avoid wget without `--progress=dot:giga`, `-q`, or `-nv`",
    "path": "",
    "primary_span": {
      "end_byte": 278,
      "end_column": 56,
      "end_line": 6,
      "start_byte": 223,
      "start_column": 1,
      "start_line": 6
    },
    "severity": "info"
  },
  {
    "code": "DL3047",
    "help": null,
    "labels": [],
    "message": "avoid wget without `--progress=dot:giga`, `-q`, or `-nv`",
    "path": "",
    "primary_span": {
      "end_byte": 920,
      "end_column": 52,
      "end_line": 17,
      "start_byte": 869,
      "start_column": 1,
      "start_line": 17
    },
    "severity": "info"
  }
]
