---
source: crates/rudolint-rules/tests/rule_fixtures.rs
expression: "serde_json::to_value(&findings).expect(\"findings should serialize\")"
---
[
  {
    "code": "DL3006",
    "help": null,
    "labels": [],
    "message": "base image should use an explicit tag or digest",
    "path": "",
    "primary_span": {
      "end_byte": 164,
      "end_column": 12,
      "end_line": 5,
      "start_byte": 153,
      "start_column": 1,
      "start_line": 5
    },
    "severity": "warning"
  },
  {
    "code": "DL3006",
    "help": null,
    "labels": [],
    "message": "base image should use an explicit tag or digest",
    "path": "",
    "primary_span": {
      "end_byte": 185,
      "end_column": 20,
      "end_line": 7,
      "start_byte": 166,
      "start_column": 1,
      "start_line": 7
    },
    "severity": "warning"
  },
  {
    "code": "DL3006",
    "help": null,
    "labels": [],
    "message": "base image should use an explicit tag or digest",
    "path": "",
    "primary_span": {
      "end_byte": 212,
      "end_column": 26,
      "end_line": 9,
      "start_byte": 187,
      "start_column": 1,
      "start_line": 9
    },
    "severity": "warning"
  },
  {
    "code": "DL3006",
    "help": null,
    "labels": [],
    "message": "base image should use an explicit tag or digest",
    "path": "",
    "primary_span": {
      "end_byte": 240,
      "end_column": 27,
      "end_line": 11,
      "start_byte": 214,
      "start_column": 1,
      "start_line": 11
    },
    "severity": "warning"
  },
  {
    "code": "DL3006",
    "help": null,
    "labels": [],
    "message": "base image should use an explicit tag or digest",
    "path": "",
    "primary_span": {
      "end_byte": 279,
      "end_column": 38,
      "end_line": 13,
      "start_byte": 242,
      "start_column": 1,
      "start_line": 13
    },
    "severity": "warning"
  },
  {
    "code": "DL3006",
    "help": null,
    "labels": [],
    "message": "base image should use an explicit tag or digest",
    "path": "",
    "primary_span": {
      "end_byte": 709,
      "end_column": 43,
      "end_line": 35,
      "start_byte": 667,
      "start_column": 1,
      "start_line": 35
    },
    "severity": "warning"
  },
  {
    "code": "DL3006",
    "help": null,
    "labels": [],
    "message": "base image should use an explicit tag or digest",
    "path": "",
    "primary_span": {
      "end_byte": 757,
      "end_column": 47,
      "end_line": 37,
      "start_byte": 711,
      "start_column": 1,
      "start_line": 37
    },
    "severity": "warning"
  }
]
