---
source: crates/rudolint-rules/tests/rule_fixtures.rs
assertion_line: 1415
expression: "serde_json::to_value(&findings).expect(\"findings should serialize\")"
---
[
  {
    "code": "RDK1008",
    "help": null,
    "labels": [],
    "message": "BuildKit entitlement network.host requires allow-entitlements opt-in",
    "path": "",
    "primary_span": {
      "end_byte": 81,
      "end_column": 32,
      "end_line": 5,
      "start_byte": 50,
      "start_column": 1,
      "start_line": 5
    },
    "severity": "warning"
  },
  {
    "code": "RDK1008",
    "help": null,
    "labels": [],
    "message": "BuildKit entitlement security.insecure requires allow-entitlements opt-in",
    "path": "",
    "primary_span": {
      "end_byte": 130,
      "end_column": 49,
      "end_line": 6,
      "start_byte": 82,
      "start_column": 1,
      "start_line": 6
    },
    "severity": "warning"
  },
  {
    "code": "RDK1008",
    "help": null,
    "labels": [],
    "message": "BuildKit entitlement network.host requires allow-entitlements opt-in",
    "path": "",
    "primary_span": {
      "end_byte": 181,
      "end_column": 51,
      "end_line": 7,
      "start_byte": 131,
      "start_column": 1,
      "start_line": 7
    },
    "severity": "warning"
  },
  {
    "code": "RDK1008",
    "help": null,
    "labels": [],
    "message": "BuildKit entitlement security.insecure requires allow-entitlements opt-in",
    "path": "",
    "primary_span": {
      "end_byte": 181,
      "end_column": 51,
      "end_line": 7,
      "start_byte": 131,
      "start_column": 1,
      "start_line": 7
    },
    "severity": "warning"
  }
]
