---
source: crates/rudolint-cli/tests/cli.rs
expression: output
---
rudolint found 1 finding in 1 file (1 warning)

<stdin>
  ! warning DL3025     2:1   use exec/JSON form for CMD and ENTRYPOINT
fixes: dry-run mode is enabled; 1 fix(es) available
title: convert CMD to exec/JSON form
applicability: manual
edits:
