---
source: crates/rudolint-shell/src/lib.rs
expression: values
---
[
  {
    "commands": [
      "cd",
      "make"
    ],
    "shell": "cd /tmp && make"
  },
  {
    "commands": [
      "apk"
    ],
    "shell": "apk add vim"
  },
  {
    "commands": [
      "service"
    ],
    "shell": "FOO=bar /usr/bin/service nginx start"
  },
  {
    "commands": [
      "printf"
    ],
    "shell": "printf '%s' cd"
  },
  {
    "commands": [
      "mount",
      "ifconfig"
    ],
    "shell": "mount -t proc proc /proc; ifconfig"
  },
  {
    "commands": [
      "mount",
      "ifconfig"
    ],
    "shell": "mount -t proc proc /proc;ifconfig"
  }
]
