---
source: crates/rudolint-shell/src/lib.rs
expression: values
---
[
  {
    "commands": [
      {
        "arguments": [
          "/tmp"
        ],
        "command": "cd"
      },
      {
        "arguments": [],
        "command": "make"
      }
    ],
    "shell": "cd /tmp && make"
  },
  {
    "commands": [
      {
        "arguments": [
          "add",
          "vim"
        ],
        "command": "apk"
      }
    ],
    "shell": "apk add vim"
  },
  {
    "commands": [
      {
        "arguments": [
          "nginx",
          "start"
        ],
        "command": "service"
      }
    ],
    "shell": "FOO=bar /usr/bin/service nginx start"
  },
  {
    "commands": [
      {
        "arguments": [
          "%s",
          "cd"
        ],
        "command": "printf"
      }
    ],
    "shell": "printf '%s' cd"
  },
  {
    "commands": [
      {
        "arguments": [
          "-t",
          "proc",
          "proc",
          "/proc"
        ],
        "command": "mount"
      },
      {
        "arguments": [],
        "command": "ifconfig"
      }
    ],
    "shell": "mount -t proc proc /proc; ifconfig"
  },
  {
    "commands": [
      {
        "arguments": [
          "-t",
          "proc",
          "proc",
          "/proc"
        ],
        "command": "mount"
      },
      {
        "arguments": [],
        "command": "ifconfig"
      }
    ],
    "shell": "mount -t proc proc /proc;ifconfig"
  }
]
