---
source: crates/rudolint-dockerfile/tests/parser_fixtures.rs
expression: document_json(&document)
---
{
  "checks": [],
  "comments": [],
  "escape": null,
  "has_buildkit_features": false,
  "instructions": [
    {
      "arg": null,
      "args": "--platform=$BUILDPLATFORM alpine:3.20 AS build",
      "args_span": {
        "end_byte": 51,
        "end_column": 52,
        "end_line": 1,
        "start_byte": 5,
        "start_column": 6,
        "start_line": 1
      },
      "continuations": [],
      "copy": null,
      "env": null,
      "expose": null,
      "flags": [
        [
          "platform",
          "$BUILDPLATFORM"
        ]
      ],
      "form": {
        "kind": "shell",
        "span": {
          "end_byte": 51,
          "end_column": 52,
          "end_line": 1,
          "start_byte": 5,
          "start_column": 6,
          "start_line": 1
        },
        "text": "--platform=$BUILDPLATFORM alpine:3.20 AS build"
      },
      "from": {
        "alias": "build",
        "digest": null,
        "flags": [
          [
            "platform",
            "$BUILDPLATFORM"
          ]
        ],
        "image": "alpine:3.20",
        "platform": "$BUILDPLATFORM"
      },
      "healthcheck": null,
      "heredocs": [],
      "keyword": "FROM",
      "keyword_span": {
        "end_byte": 4,
        "end_column": 5,
        "end_line": 1,
        "start_byte": 0,
        "start_column": 1,
        "start_line": 1
      },
      "line": 1,
      "mounts": [],
      "raw_span": {
        "end_byte": 51,
        "end_column": 52,
        "end_line": 1,
        "start_byte": 0,
        "start_column": 1,
        "start_line": 1
      },
      "recovery": null,
      "run": null
    },
    {
      "arg": null,
      "args": "--platform=$TARGETPLATFORM scratch@sha256:aaaaaaaaaaaaaaaaaaaaaaaaaaaaaaaaaaaaaaaaaaaaaaaaaaaaaaaaaaaaaaaa",
      "args_span": {
        "end_byte": 163,
        "end_column": 112,
        "end_line": 2,
        "start_byte": 57,
        "start_column": 6,
        "start_line": 2
      },
      "continuations": [],
      "copy": null,
      "env": null,
      "expose": null,
      "flags": [
        [
          "platform",
          "$TARGETPLATFORM"
        ]
      ],
      "form": {
        "kind": "shell",
        "span": {
          "end_byte": 163,
          "end_column": 112,
          "end_line": 2,
          "start_byte": 57,
          "start_column": 6,
          "start_line": 2
        },
        "text": "--platform=$TARGETPLATFORM scratch@sha256:aaaaaaaaaaaaaaaaaaaaaaaaaaaaaaaaaaaaaaaaaaaaaaaaaaaaaaaaaaaaaaaa"
      },
      "from": {
        "alias": null,
        "digest": "sha256:aaaaaaaaaaaaaaaaaaaaaaaaaaaaaaaaaaaaaaaaaaaaaaaaaaaaaaaaaaaaaaaa",
        "flags": [
          [
            "platform",
            "$TARGETPLATFORM"
          ]
        ],
        "image": "scratch",
        "platform": "$TARGETPLATFORM"
      },
      "healthcheck": null,
      "heredocs": [],
      "keyword": "FROM",
      "keyword_span": {
        "end_byte": 56,
        "end_column": 5,
        "end_line": 2,
        "start_byte": 52,
        "start_column": 1,
        "start_line": 2
      },
      "line": 2,
      "mounts": [],
      "raw_span": {
        "end_byte": 163,
        "end_column": 112,
        "end_line": 2,
        "start_byte": 52,
        "start_column": 1,
        "start_line": 2
      },
      "recovery": null,
      "run": null
    }
  ],
  "syntax": null
}
