---
source: crates/rudolint-dockerfile/tests/parser_fixtures.rs
expression: document_json(&document)
---
{
  "checks": [],
  "comments": [],
  "escape": null,
  "has_buildkit_features": false,
  "instructions": [
    {
      "arg": null,
      "args": "alpine:3.20",
      "args_span": {
        "end_byte": 16,
        "end_column": 17,
        "end_line": 1,
        "start_byte": 5,
        "start_column": 6,
        "start_line": 1
      },
      "continuations": [],
      "copy": null,
      "env": null,
      "expose": null,
      "flags": [],
      "form": {
        "kind": "shell",
        "span": {
          "end_byte": 16,
          "end_column": 17,
          "end_line": 1,
          "start_byte": 5,
          "start_column": 6,
          "start_line": 1
        },
        "text": "alpine:3.20"
      },
      "from": {
        "alias": null,
        "digest": null,
        "flags": [],
        "image": "alpine:3.20",
        "platform": null
      },
      "healthcheck": null,
      "heredocs": [],
      "keyword": "FROM",
      "keyword_span": {
        "end_byte": 4,
        "end_column": 5,
        "end_line": 1,
        "start_byte": 0,
        "start_column": 1,
        "start_line": 1
      },
      "label": null,
      "line": 1,
      "mounts": [],
      "raw_span": {
        "end_byte": 16,
        "end_column": 17,
        "end_line": 1,
        "start_byte": 0,
        "start_column": 1,
        "start_line": 1
      },
      "recovery": null,
      "run": null
    },
    {
      "arg": null,
      "args": "--interval=30s --timeout=3s --retries=3 CMD wget -qO- http://localhost/health || exit 1",
      "args_span": {
        "end_byte": 116,
        "end_column": 100,
        "end_line": 2,
        "start_byte": 29,
        "start_column": 13,
        "start_line": 2
      },
      "continuations": [],
      "copy": null,
      "env": null,
      "expose": null,
      "flags": [
        [
          "interval",
          "30s"
        ],
        [
          "timeout",
          "3s"
        ],
        [
          "retries",
          "3"
        ]
      ],
      "form": {
        "kind": "shell",
        "span": {
          "end_byte": 116,
          "end_column": 100,
          "end_line": 2,
          "start_byte": 29,
          "start_column": 13,
          "start_line": 2
        },
        "text": "--interval=30s --timeout=3s --retries=3 CMD wget -qO- http://localhost/health || exit 1"
      },
      "from": null,
      "healthcheck": {
        "command": {
          "span": {
            "end_byte": 116,
            "end_column": 100,
            "end_line": 2,
            "start_byte": 73,
            "start_column": 57,
            "start_line": 2
          },
          "text": "wget -qO- http://localhost/health || exit 1"
        },
        "flags": [
          [
            "interval",
            "30s"
          ],
          [
            "timeout",
            "3s"
          ],
          [
            "retries",
            "3"
          ]
        ]
      },
      "heredocs": [],
      "keyword": "HEALTHCHECK",
      "keyword_span": {
        "end_byte": 28,
        "end_column": 12,
        "end_line": 2,
        "start_byte": 17,
        "start_column": 1,
        "start_line": 2
      },
      "label": null,
      "line": 2,
      "mounts": [],
      "raw_span": {
        "end_byte": 116,
        "end_column": 100,
        "end_line": 2,
        "start_byte": 17,
        "start_column": 1,
        "start_line": 2
      },
      "recovery": null,
      "run": null
    },
    {
      "arg": null,
      "args": "CMD-SHELL curl -f http://localhost/health || exit 1",
      "args_span": {
        "end_byte": 180,
        "end_column": 64,
        "end_line": 3,
        "start_byte": 129,
        "start_column": 13,
        "start_line": 3
      },
      "continuations": [],
      "copy": null,
      "env": null,
      "expose": null,
      "flags": [],
      "form": {
        "kind": "shell",
        "span": {
          "end_byte": 180,
          "end_column": 64,
          "end_line": 3,
          "start_byte": 129,
          "start_column": 13,
          "start_line": 3
        },
        "text": "CMD-SHELL curl -f http://localhost/health || exit 1"
      },
      "from": null,
      "healthcheck": {
        "command": {
          "span": {
            "end_byte": 180,
            "end_column": 64,
            "end_line": 3,
            "start_byte": 139,
            "start_column": 23,
            "start_line": 3
          },
          "text": "curl -f http://localhost/health || exit 1"
        },
        "flags": []
      },
      "heredocs": [],
      "keyword": "HEALTHCHECK",
      "keyword_span": {
        "end_byte": 128,
        "end_column": 12,
        "end_line": 3,
        "start_byte": 117,
        "start_column": 1,
        "start_line": 3
      },
      "label": null,
      "line": 3,
      "mounts": [],
      "raw_span": {
        "end_byte": 180,
        "end_column": 64,
        "end_line": 3,
        "start_byte": 117,
        "start_column": 1,
        "start_line": 3
      },
      "recovery": null,
      "run": null
    },
    {
      "arg": null,
      "args": "NONE",
      "args_span": {
        "end_byte": 197,
        "end_column": 17,
        "end_line": 4,
        "start_byte": 193,
        "start_column": 13,
        "start_line": 4
      },
      "continuations": [],
      "copy": null,
      "env": null,
      "expose": null,
      "flags": [],
      "form": {
        "kind": "shell",
        "span": {
          "end_byte": 197,
          "end_column": 17,
          "end_line": 4,
          "start_byte": 193,
          "start_column": 13,
          "start_line": 4
        },
        "text": "NONE"
      },
      "from": null,
      "healthcheck": {
        "command": null,
        "flags": []
      },
      "heredocs": [],
      "keyword": "HEALTHCHECK",
      "keyword_span": {
        "end_byte": 192,
        "end_column": 12,
        "end_line": 4,
        "start_byte": 181,
        "start_column": 1,
        "start_line": 4
      },
      "label": null,
      "line": 4,
      "mounts": [],
      "raw_span": {
        "end_byte": 197,
        "end_column": 17,
        "end_line": 4,
        "start_byte": 181,
        "start_column": 1,
        "start_line": 4
      },
      "recovery": null,
      "run": null
    }
  ],
  "syntax": null
}
