---
source: crates/rudolint-dockerfile/tests/parser_fixtures.rs
expression: document_json(&document)
---
{
  "checks": [],
  "comments": [
    {
      "line": 1,
      "span": {
        "end_byte": 49,
        "end_column": 50,
        "end_line": 1,
        "start_byte": 0,
        "start_column": 1,
        "start_line": 1
      },
      "text": "# regular comments should not become instructions"
    },
    {
      "line": 4,
      "span": {
        "end_byte": 85,
        "end_column": 18,
        "end_line": 4,
        "start_byte": 68,
        "start_column": 1,
        "start_line": 4
      },
      "text": "# another comment"
    }
  ],
  "escape": null,
  "has_buildkit_features": false,
  "instructions": [
    {
      "args": "alpine:3.20",
      "args_span": {
        "end_byte": 66,
        "end_column": 17,
        "end_line": 2,
        "start_byte": 55,
        "start_column": 6,
        "start_line": 2
      },
      "continuations": [],
      "flags": [],
      "heredocs": [],
      "keyword": "FROM",
      "keyword_span": {
        "end_byte": 54,
        "end_column": 5,
        "end_line": 2,
        "start_byte": 50,
        "start_column": 1,
        "start_line": 2
      },
      "line": 2,
      "mounts": [],
      "raw_span": {
        "end_byte": 66,
        "end_column": 17,
        "end_line": 2,
        "start_byte": 50,
        "start_column": 1,
        "start_line": 2
      }
    },
    {
      "args": "echo hello",
      "args_span": {
        "end_byte": 100,
        "end_column": 15,
        "end_line": 5,
        "start_byte": 90,
        "start_column": 5,
        "start_line": 5
      },
      "continuations": [],
      "flags": [],
      "heredocs": [],
      "keyword": "RUN",
      "keyword_span": {
        "end_byte": 89,
        "end_column": 4,
        "end_line": 5,
        "start_byte": 86,
        "start_column": 1,
        "start_line": 5
      },
      "line": 5,
      "mounts": [],
      "raw_span": {
        "end_byte": 100,
        "end_column": 15,
        "end_line": 5,
        "start_byte": 86,
        "start_column": 1,
        "start_line": 5
      }
    }
  ],
  "syntax": null
}
