---
source: crates/rudolint-dockerfile/tests/parser_fixtures.rs
expression: document_json(&document)
---
{
  "checks": [],
  "comments": [],
  "escape": null,
  "has_buildkit_features": false,
  "instructions": [
    {
      "args": "--platform=$BUILDPLATFORM alpine:3.20 AS build",
      "flags": [
        [
          "platform",
          "$BUILDPLATFORM"
        ]
      ],
      "heredocs": [],
      "keyword": "FROM",
      "line": 1,
      "mounts": []
    },
    {
      "args": "--platform=$TARGETPLATFORM scratch",
      "flags": [
        [
          "platform",
          "$TARGETPLATFORM"
        ]
      ],
      "heredocs": [],
      "keyword": "FROM",
      "line": 2,
      "mounts": []
    }
  ],
  "syntax": null
}
