---
source: crates/rudolint-dockerfile/tests/parser_fixtures.rs
expression: document_json(&document)
---
{
  "checks": [],
  "comments": [],
  "escape": null,
  "has_buildkit_features": true,
  "instructions": [
    {
      "arg": null,
      "args": "alpine:3.20",
      "args_span": {
        "end_byte": 16,
        "end_column": 17,
        "end_line": 1,
        "start_byte": 5,
        "start_column": 6,
        "start_line": 1
      },
      "continuations": [],
      "copy": null,
      "env": null,
      "expose": null,
      "flags": [],
      "form": {
        "kind": "shell",
        "span": {
          "end_byte": 16,
          "end_column": 17,
          "end_line": 1,
          "start_byte": 5,
          "start_column": 6,
          "start_line": 1
        },
        "text": "alpine:3.20"
      },
      "from": {
        "alias": null,
        "digest": null,
        "flags": [],
        "image": "alpine:3.20",
        "platform": null
      },
      "healthcheck": null,
      "heredocs": [],
      "keyword": "FROM",
      "keyword_span": {
        "end_byte": 4,
        "end_column": 5,
        "end_line": 1,
        "start_byte": 0,
        "start_column": 1,
        "start_line": 1
      },
      "label": null,
      "line": 1,
      "mounts": [],
      "raw_span": {
        "end_byte": 16,
        "end_column": 17,
        "end_line": 1,
        "start_byte": 0,
        "start_column": 1,
        "start_line": 1
      },
      "recovery": null,
      "run": null
    },
    {
      "arg": null,
      "args": "<<EOF\necho hello\nEOF",
      "args_span": {
        "end_byte": 41,
        "end_column": 4,
        "end_line": 4,
        "start_byte": 21,
        "start_column": 5,
        "start_line": 2
      },
      "continuations": [],
      "copy": null,
      "env": null,
      "expose": null,
      "flags": [],
      "form": {
        "kind": "shell",
        "span": {
          "end_byte": 41,
          "end_column": 4,
          "end_line": 4,
          "start_byte": 21,
          "start_column": 5,
          "start_line": 2
        },
        "text": "<<EOF\necho hello\nEOF"
      },
      "from": null,
      "healthcheck": null,
      "heredocs": [
        {
          "body": "echo hello\n",
          "body_span": {
            "end_byte": 38,
            "end_column": 1,
            "end_line": 4,
            "start_byte": 27,
            "start_column": 1,
            "start_line": 3
          },
          "delimiter": "EOF",
          "quoted": false,
          "target_instruction": "RUN"
        }
      ],
      "keyword": "RUN",
      "keyword_span": {
        "end_byte": 20,
        "end_column": 4,
        "end_line": 2,
        "start_byte": 17,
        "start_column": 1,
        "start_line": 2
      },
      "label": null,
      "line": 2,
      "mounts": [],
      "raw_span": {
        "end_byte": 41,
        "end_column": 4,
        "end_line": 4,
        "start_byte": 17,
        "start_column": 1,
        "start_line": 2
      },
      "recovery": null,
      "run": {
        "flags": [],
        "mounts": [],
        "network": null,
        "security": null,
        "shell": {
          "span": {
            "end_byte": 41,
            "end_column": 4,
            "end_line": 4,
            "start_byte": 21,
            "start_column": 5,
            "start_line": 2
          },
          "text": "<<EOF\necho hello\nEOF"
        }
      }
    },
    {
      "arg": null,
      "args": "<<'SCRIPT'\necho quoted\nSCRIPT",
      "args_span": {
        "end_byte": 75,
        "end_column": 7,
        "end_line": 7,
        "start_byte": 46,
        "start_column": 5,
        "start_line": 5
      },
      "continuations": [],
      "copy": null,
      "env": null,
      "expose": null,
      "flags": [],
      "form": {
        "kind": "shell",
        "span": {
          "end_byte": 75,
          "end_column": 7,
          "end_line": 7,
          "start_byte": 46,
          "start_column": 5,
          "start_line": 5
        },
        "text": "<<'SCRIPT'\necho quoted\nSCRIPT"
      },
      "from": null,
      "healthcheck": null,
      "heredocs": [
        {
          "body": "echo quoted\n",
          "body_span": {
            "end_byte": 69,
            "end_column": 1,
            "end_line": 7,
            "start_byte": 57,
            "start_column": 1,
            "start_line": 6
          },
          "delimiter": "SCRIPT",
          "quoted": true,
          "target_instruction": "RUN"
        }
      ],
      "keyword": "RUN",
      "keyword_span": {
        "end_byte": 45,
        "end_column": 4,
        "end_line": 5,
        "start_byte": 42,
        "start_column": 1,
        "start_line": 5
      },
      "label": null,
      "line": 5,
      "mounts": [],
      "raw_span": {
        "end_byte": 75,
        "end_column": 7,
        "end_line": 7,
        "start_byte": 42,
        "start_column": 1,
        "start_line": 5
      },
      "recovery": null,
      "run": {
        "flags": [],
        "mounts": [],
        "network": null,
        "security": null,
        "shell": {
          "span": {
            "end_byte": 75,
            "end_column": 7,
            "end_line": 7,
            "start_byte": 46,
            "start_column": 5,
            "start_line": 5
          },
          "text": "<<'SCRIPT'\necho quoted\nSCRIPT"
        }
      }
    },
    {
      "arg": null,
      "args": "<<\"FILE\" /usr/local/bin/generated\n#!/usr/bin/env sh\necho generated\nFILE",
      "args_span": {
        "end_byte": 152,
        "end_column": 5,
        "end_line": 11,
        "start_byte": 81,
        "start_column": 6,
        "start_line": 8
      },
      "continuations": [],
      "copy": {
        "chmod": null,
        "chown": null,
        "destination": "/usr/local/bin/generated",
        "flags": [],
        "from": null,
        "kind": "copy",
        "sources": [
          "<<\"FILE\""
        ]
      },
      "env": null,
      "expose": null,
      "flags": [],
      "form": {
        "kind": "shell",
        "span": {
          "end_byte": 152,
          "end_column": 5,
          "end_line": 11,
          "start_byte": 81,
          "start_column": 6,
          "start_line": 8
        },
        "text": "<<\"FILE\" /usr/local/bin/generated\n#!/usr/bin/env sh\necho generated\nFILE"
      },
      "from": null,
      "healthcheck": null,
      "heredocs": [
        {
          "body": "#!/usr/bin/env sh\necho generated\n",
          "body_span": {
            "end_byte": 148,
            "end_column": 1,
            "end_line": 11,
            "start_byte": 115,
            "start_column": 1,
            "start_line": 9
          },
          "delimiter": "FILE",
          "quoted": true,
          "target_instruction": "COPY"
        }
      ],
      "keyword": "COPY",
      "keyword_span": {
        "end_byte": 80,
        "end_column": 5,
        "end_line": 8,
        "start_byte": 76,
        "start_column": 1,
        "start_line": 8
      },
      "label": null,
      "line": 8,
      "mounts": [],
      "raw_span": {
        "end_byte": 152,
        "end_column": 5,
        "end_line": 11,
        "start_byte": 76,
        "start_column": 1,
        "start_line": 8
      },
      "recovery": null,
      "run": null
    },
    {
      "arg": null,
      "args": "<<FIRST <<SECOND /etc/generated/\nfirst body\nFIRST\nsecond body\nSECOND",
      "args_span": {
        "end_byte": 226,
        "end_column": 7,
        "end_line": 16,
        "start_byte": 158,
        "start_column": 6,
        "start_line": 12
      },
      "continuations": [],
      "copy": {
        "chmod": null,
        "chown": null,
        "destination": "/etc/generated/",
        "flags": [],
        "from": null,
        "kind": "copy",
        "sources": [
          "<<FIRST",
          "<<SECOND"
        ]
      },
      "env": null,
      "expose": null,
      "flags": [],
      "form": {
        "kind": "shell",
        "span": {
          "end_byte": 226,
          "end_column": 7,
          "end_line": 16,
          "start_byte": 158,
          "start_column": 6,
          "start_line": 12
        },
        "text": "<<FIRST <<SECOND /etc/generated/\nfirst body\nFIRST\nsecond body\nSECOND"
      },
      "from": null,
      "healthcheck": null,
      "heredocs": [
        {
          "body": "first body\n",
          "body_span": {
            "end_byte": 202,
            "end_column": 1,
            "end_line": 14,
            "start_byte": 191,
            "start_column": 1,
            "start_line": 13
          },
          "delimiter": "FIRST",
          "quoted": false,
          "target_instruction": "COPY"
        },
        {
          "body": "second body\n",
          "body_span": {
            "end_byte": 220,
            "end_column": 1,
            "end_line": 16,
            "start_byte": 208,
            "start_column": 1,
            "start_line": 15
          },
          "delimiter": "SECOND",
          "quoted": false,
          "target_instruction": "COPY"
        }
      ],
      "keyword": "COPY",
      "keyword_span": {
        "end_byte": 157,
        "end_column": 5,
        "end_line": 12,
        "start_byte": 153,
        "start_column": 1,
        "start_line": 12
      },
      "label": null,
      "line": 12,
      "mounts": [],
      "raw_span": {
        "end_byte": 226,
        "end_column": 7,
        "end_line": 16,
        "start_byte": 153,
        "start_column": 1,
        "start_line": 12
      },
      "recovery": null,
      "run": null
    },
    {
      "arg": null,
      "args": "--chmod=755 \\\n  <<'SCRIPT' /usr/local/bin/continued\n#!/usr/bin/env sh\necho continued\nSCRIPT",
      "args_span": {
        "end_byte": 323,
        "end_column": 7,
        "end_line": 21,
        "start_byte": 232,
        "start_column": 6,
        "start_line": 17
      },
      "continuations": [
        {
          "escape": "\\",
          "line": 17,
          "span": {
            "end_byte": 245,
            "end_column": 19,
            "end_line": 17,
            "start_byte": 244,
            "start_column": 18,
            "start_line": 17
          }
        }
      ],
      "copy": {
        "chmod": "755",
        "chown": null,
        "destination": "/usr/local/bin/continued",
        "flags": [
          [
            "chmod",
            "755"
          ]
        ],
        "from": null,
        "kind": "copy",
        "sources": [
          "<<'SCRIPT'"
        ]
      },
      "env": null,
      "expose": null,
      "flags": [
        [
          "chmod",
          "755"
        ]
      ],
      "form": {
        "kind": "shell",
        "span": {
          "end_byte": 323,
          "end_column": 7,
          "end_line": 21,
          "start_byte": 232,
          "start_column": 6,
          "start_line": 17
        },
        "text": "--chmod=755 \\\n  <<'SCRIPT' /usr/local/bin/continued\n#!/usr/bin/env sh\necho continued\nSCRIPT"
      },
      "from": null,
      "healthcheck": null,
      "heredocs": [
        {
          "body": "#!/usr/bin/env sh\necho continued\n",
          "body_span": {
            "end_byte": 317,
            "end_column": 1,
            "end_line": 21,
            "start_byte": 284,
            "start_column": 1,
            "start_line": 19
          },
          "delimiter": "SCRIPT",
          "quoted": true,
          "target_instruction": "COPY"
        }
      ],
      "keyword": "COPY",
      "keyword_span": {
        "end_byte": 231,
        "end_column": 5,
        "end_line": 17,
        "start_byte": 227,
        "start_column": 1,
        "start_line": 17
      },
      "label": null,
      "line": 17,
      "mounts": [],
      "raw_span": {
        "end_byte": 323,
        "end_column": 7,
        "end_line": 21,
        "start_byte": 227,
        "start_column": 1,
        "start_line": 17
      },
      "recovery": null,
      "run": null
    },
    {
      "arg": null,
      "args": "<<FIRST \\\n  <<SECOND /etc/continued-generated/\nfirst continued body\nFIRST\nsecond continued body\nSECOND",
      "args_span": {
        "end_byte": 431,
        "end_column": 7,
        "end_line": 27,
        "start_byte": 329,
        "start_column": 6,
        "start_line": 22
      },
      "continuations": [
        {
          "escape": "\\",
          "line": 22,
          "span": {
            "end_byte": 338,
            "end_column": 15,
            "end_line": 22,
            "start_byte": 337,
            "start_column": 14,
            "start_line": 22
          }
        }
      ],
      "copy": {
        "chmod": null,
        "chown": null,
        "destination": "/etc/continued-generated/",
        "flags": [],
        "from": null,
        "kind": "copy",
        "sources": [
          "<<FIRST",
          "<<SECOND"
        ]
      },
      "env": null,
      "expose": null,
      "flags": [],
      "form": {
        "kind": "shell",
        "span": {
          "end_byte": 431,
          "end_column": 7,
          "end_line": 27,
          "start_byte": 329,
          "start_column": 6,
          "start_line": 22
        },
        "text": "<<FIRST \\\n  <<SECOND /etc/continued-generated/\nfirst continued body\nFIRST\nsecond continued body\nSECOND"
      },
      "from": null,
      "healthcheck": null,
      "heredocs": [
        {
          "body": "first continued body\n",
          "body_span": {
            "end_byte": 397,
            "end_column": 1,
            "end_line": 25,
            "start_byte": 376,
            "start_column": 1,
            "start_line": 24
          },
          "delimiter": "FIRST",
          "quoted": false,
          "target_instruction": "COPY"
        },
        {
          "body": "second continued body\n",
          "body_span": {
            "end_byte": 425,
            "end_column": 1,
            "end_line": 27,
            "start_byte": 403,
            "start_column": 1,
            "start_line": 26
          },
          "delimiter": "SECOND",
          "quoted": false,
          "target_instruction": "COPY"
        }
      ],
      "keyword": "COPY",
      "keyword_span": {
        "end_byte": 328,
        "end_column": 5,
        "end_line": 22,
        "start_byte": 324,
        "start_column": 1,
        "start_line": 22
      },
      "label": null,
      "line": 22,
      "mounts": [],
      "raw_span": {
        "end_byte": 431,
        "end_column": 7,
        "end_line": 27,
        "start_byte": 324,
        "start_column": 1,
        "start_line": 22
      },
      "recovery": null,
      "run": null
    }
  ],
  "syntax": null
}
