---
source: crates/rudolint-dockerfile/tests/parser_fixtures.rs
expression: document_json(&document)
---
{
  "checks": [],
  "comments": [
    {
      "line": 1,
      "span": {
        "end_byte": 30,
        "end_column": 31,
        "end_line": 1,
        "start_byte": 0,
        "start_column": 1,
        "start_line": 1
      },
      "text": "# syntax=docker/dockerfile:1.7"
    }
  ],
  "escape": null,
  "has_buildkit_features": true,
  "instructions": [
    {
      "arg": null,
      "args": "--platform=$BUILDPLATFORM alpine:3.20 AS base",
      "args_span": {
        "end_byte": 81,
        "end_column": 51,
        "end_line": 2,
        "start_byte": 36,
        "start_column": 6,
        "start_line": 2
      },
      "continuations": [],
      "copy": null,
      "env": null,
      "expose": null,
      "flags": [
        [
          "platform",
          "$BUILDPLATFORM"
        ]
      ],
      "form": {
        "kind": "shell",
        "span": {
          "end_byte": 81,
          "end_column": 51,
          "end_line": 2,
          "start_byte": 36,
          "start_column": 6,
          "start_line": 2
        },
        "text": "--platform=$BUILDPLATFORM alpine:3.20 AS base"
      },
      "from": {
        "alias": "base",
        "digest": null,
        "flags": [
          [
            "platform",
            "$BUILDPLATFORM"
          ]
        ],
        "image": "alpine:3.20",
        "platform": "$BUILDPLATFORM"
      },
      "healthcheck": null,
      "heredocs": [],
      "keyword": "FROM",
      "keyword_span": {
        "end_byte": 35,
        "end_column": 5,
        "end_line": 2,
        "start_byte": 31,
        "start_column": 1,
        "start_line": 2
      },
      "label": null,
      "line": 2,
      "mounts": [],
      "raw_span": {
        "end_byte": 81,
        "end_column": 51,
        "end_line": 2,
        "start_byte": 31,
        "start_column": 1,
        "start_line": 2
      },
      "recovery": null,
      "run": null
    },
    {
      "arg": null,
      "args": "--mount=type=cache,target=/var/cache/apk apk add curl",
      "args_span": {
        "end_byte": 139,
        "end_column": 58,
        "end_line": 3,
        "start_byte": 86,
        "start_column": 5,
        "start_line": 3
      },
      "continuations": [],
      "copy": null,
      "env": null,
      "expose": null,
      "flags": [
        [
          "mount",
          "type=cache,target=/var/cache/apk"
        ]
      ],
      "form": {
        "kind": "shell",
        "span": {
          "end_byte": 139,
          "end_column": 58,
          "end_line": 3,
          "start_byte": 86,
          "start_column": 5,
          "start_line": 3
        },
        "text": "--mount=type=cache,target=/var/cache/apk apk add curl"
      },
      "from": null,
      "healthcheck": null,
      "heredocs": [],
      "keyword": "RUN",
      "keyword_span": {
        "end_byte": 85,
        "end_column": 4,
        "end_line": 3,
        "start_byte": 82,
        "start_column": 1,
        "start_line": 3
      },
      "label": null,
      "line": 3,
      "mounts": [
        {
          "options": [
            [
              "type",
              "cache"
            ],
            [
              "target",
              "/var/cache/apk"
            ]
          ],
          "type": "cache"
        }
      ],
      "raw_span": {
        "end_byte": 139,
        "end_column": 58,
        "end_line": 3,
        "start_byte": 82,
        "start_column": 1,
        "start_line": 3
      },
      "recovery": null,
      "run": {
        "flags": [
          [
            "mount",
            "type=cache,target=/var/cache/apk"
          ]
        ],
        "mounts": [
          {
            "options": [
              [
                "type",
                "cache"
              ],
              [
                "target",
                "/var/cache/apk"
              ]
            ],
            "type": "cache"
          }
        ],
        "network": null,
        "security": null,
        "shell": {
          "span": {
            "end_byte": 139,
            "end_column": 58,
            "end_line": 3,
            "start_byte": 127,
            "start_column": 46,
            "start_line": 3
          },
          "text": "apk add curl"
        }
      }
    },
    {
      "arg": null,
      "args": "<<EOF\necho hello\nEOF",
      "args_span": {
        "end_byte": 164,
        "end_column": 4,
        "end_line": 6,
        "start_byte": 144,
        "start_column": 5,
        "start_line": 4
      },
      "continuations": [],
      "copy": null,
      "env": null,
      "expose": null,
      "flags": [],
      "form": {
        "kind": "shell",
        "span": {
          "end_byte": 164,
          "end_column": 4,
          "end_line": 6,
          "start_byte": 144,
          "start_column": 5,
          "start_line": 4
        },
        "text": "<<EOF\necho hello\nEOF"
      },
      "from": null,
      "healthcheck": null,
      "heredocs": [
        {
          "body": "echo hello\n",
          "body_span": {
            "end_byte": 161,
            "end_column": 1,
            "end_line": 6,
            "start_byte": 150,
            "start_column": 1,
            "start_line": 5
          },
          "delimiter": "EOF",
          "quoted": false,
          "target_instruction": "RUN"
        }
      ],
      "keyword": "RUN",
      "keyword_span": {
        "end_byte": 143,
        "end_column": 4,
        "end_line": 4,
        "start_byte": 140,
        "start_column": 1,
        "start_line": 4
      },
      "label": null,
      "line": 4,
      "mounts": [],
      "raw_span": {
        "end_byte": 164,
        "end_column": 4,
        "end_line": 6,
        "start_byte": 140,
        "start_column": 1,
        "start_line": 4
      },
      "recovery": null,
      "run": {
        "flags": [],
        "mounts": [],
        "network": null,
        "security": null,
        "shell": {
          "span": {
            "end_byte": 164,
            "end_column": 4,
            "end_line": 6,
            "start_byte": 144,
            "start_column": 5,
            "start_line": 4
          },
          "text": "<<EOF\necho hello\nEOF"
        }
      }
    },
    {
      "arg": null,
      "args": "alpine:3.20 AS final",
      "args_span": {
        "end_byte": 190,
        "end_column": 26,
        "end_line": 7,
        "start_byte": 170,
        "start_column": 6,
        "start_line": 7
      },
      "continuations": [],
      "copy": null,
      "env": null,
      "expose": null,
      "flags": [],
      "form": {
        "kind": "shell",
        "span": {
          "end_byte": 190,
          "end_column": 26,
          "end_line": 7,
          "start_byte": 170,
          "start_column": 6,
          "start_line": 7
        },
        "text": "alpine:3.20 AS final"
      },
      "from": {
        "alias": "final",
        "digest": null,
        "flags": [],
        "image": "alpine:3.20",
        "platform": null
      },
      "healthcheck": null,
      "heredocs": [],
      "keyword": "FROM",
      "keyword_span": {
        "end_byte": 169,
        "end_column": 5,
        "end_line": 7,
        "start_byte": 165,
        "start_column": 1,
        "start_line": 7
      },
      "label": null,
      "line": 7,
      "mounts": [],
      "raw_span": {
        "end_byte": 190,
        "end_column": 26,
        "end_line": 7,
        "start_byte": 165,
        "start_column": 1,
        "start_line": 7
      },
      "recovery": null,
      "run": null
    },
    {
      "arg": null,
      "args": "--from=base /src /dst",
      "args_span": {
        "end_byte": 217,
        "end_column": 27,
        "end_line": 8,
        "start_byte": 196,
        "start_column": 6,
        "start_line": 8
      },
      "continuations": [],
      "copy": {
        "chmod": null,
        "chown": null,
        "destination": "/dst",
        "flags": [
          [
            "from",
            "base"
          ]
        ],
        "from": "base",
        "kind": "copy",
        "sources": [
          "/src"
        ]
      },
      "env": null,
      "expose": null,
      "flags": [
        [
          "from",
          "base"
        ]
      ],
      "form": {
        "kind": "shell",
        "span": {
          "end_byte": 217,
          "end_column": 27,
          "end_line": 8,
          "start_byte": 196,
          "start_column": 6,
          "start_line": 8
        },
        "text": "--from=base /src /dst"
      },
      "from": null,
      "healthcheck": null,
      "heredocs": [],
      "keyword": "COPY",
      "keyword_span": {
        "end_byte": 195,
        "end_column": 5,
        "end_line": 8,
        "start_byte": 191,
        "start_column": 1,
        "start_line": 8
      },
      "label": null,
      "line": 8,
      "mounts": [],
      "raw_span": {
        "end_byte": 217,
        "end_column": 27,
        "end_line": 8,
        "start_byte": 191,
        "start_column": 1,
        "start_line": 8
      },
      "recovery": null,
      "run": null
    }
  ],
  "syntax": {
    "image": "docker/dockerfile:1.7",
    "line": 1
  }
}
