---
source: crates/rudolint-dockerfile/tests/parser_fixtures.rs
expression: document_json(&document)
---
{
  "has_buildkit_features": false,
  "instructions": [
    {
      "args": "alpine:3.20",
      "flags": [],
      "heredocs": [],
      "keyword": "FROM",
      "line": 3,
      "mounts": []
    }
  ],
  "syntax": {
    "image": "docker/dockerfile:1.7",
    "line": 1
  }
}
