---
source: crates/rudolint-dockerfile/tests/semantic.rs
expression: "json!({\n    \"global\":\n    scopes.global.iter().map(|arg|\n    {\n        json!({ \"name\": arg.name, \"default\": arg.default, })\n    }).collect::<Vec<_>>(), \"stages\":\n    scopes.stages.iter().map(|stage|\n    {\n        json!({\n            \"stage_index\": stage.stage_index, \"args\":\n            stage.args.iter().map(|arg|\n            {\n                json!({ \"name\": arg.name, \"default\": arg.default, })\n            }).collect::<Vec<_>>(), \"inherited\":\n            stage.inherited.iter().map(|arg|\n            {\n                json!({ \"name\": arg.name, \"default\": arg.default, })\n            }).collect::<Vec<_>>(),\n        })\n    }).collect::<Vec<_>>(),\n})"
---
{
  "global": [
    {
      "default": "alpine:3.20",
      "name": "BASE_IMAGE"
    }
  ],
  "stages": [
    {
      "args": [
        {
          "default": null,
          "name": "TARGETARCH"
        },
        {
          "default": "1.2.3",
          "name": "APP_VERSION"
        },
        {
          "default": "spaced",
          "name": "SPACED_NAME"
        }
      ],
      "inherited": [
        {
          "default": "alpine:3.20",
          "name": "BASE_IMAGE"
        }
      ],
      "stage_index": 0
    }
  ]
}
